
> minisoccer@0.1.0 build
> prisma generate && cross-env NEXT_DISABLE_ESLINT=1 next build

Environment variables loaded from .env
Prisma schema loaded from prisma\schema.prisma

✔ Generated Prisma Client (4.16.2 | library) to .\node_modules\@prisma\client in 149ms
You can now start using Prisma Client in your code. Reference: https://pris.ly/d/client
```
import { PrismaClient } from '@prisma/client'
const prisma = new PrismaClient()
```
   ▲ Next.js 15.5.20
   - Environments: .env.local, .env

   Creating an optimized production build ...
 ✓ Compiled successfully in 29.9s
   Linting and checking validity of types ...
Failed to compile.

./app/api/payments/webhook/route.ts:40:46
Type error: Argument of type 'string' is not assignable to parameter of type 'PaymentStatus'.

[0m [90m 38 |[39m     }
 [90m 39 |[39m
[31m[1m>[22m[39m[90m 40 |[39m     [36mawait[39m processWebhookEvent(transactionId[33m,[39m status)[33m;[39m
 [90m    |[39m                                              [31m[1m^[22m[39m
 [90m 41 |[39m     [36mreturn[39m [33mNextResponse[39m[33m.[39mjson({ success[33m:[39m [36mtrue[39m[33m,[39m message[33m:[39m [32m"Webhook processed."[39m })[33m;[39m
 [90m 42 |[39m   } [36mcatch[39m (error) {
 [90m 43 |[39m     [36mreturn[39m [33mNextResponse[39m[33m.[39mjson({ success[33m:[39m [36mfalse[39m[33m,[39m message[33m:[39m (error [36mas[39m [33mError[39m)[33m.[39mmessage }[33m,[39m { status[33m:[39m [35m500[39m })[33m;[39m[0m
Next.js build worker exited with code: 1 and signal: null
